DEBUG tests/maceps_tests.c:32: ----- RUNNING: ./tests/maceps_tests
DEBUG tests/maceps_tests.c:26: 
----- test_single
DEBUG tests/maceps_tests.c:27: 
----- test_double
DEBUG tests/vector_norms_tests.c:86: ----- RUNNING: ./tests/vector_norms_tests
DEBUG tests/vector_norms_tests.c:76: 
----- test_two_norm
DEBUG tests/vector_norms_tests.c:77: 
----- test_one_norm
DEBUG tests/vector_norms_tests.c:78: 
----- test_infty_norm
DEBUG tests/vector_norms_tests.c:79: 
----- test_two_norm_dist
DEBUG tests/vector_norms_tests.c:80: 
----- test_one_norm_dist
DEBUG tests/vector_norms_tests.c:81: 
----- test_infty_norm_dist
